

================================================================
== Synthesis Summary Report of 'k3mm'
================================================================
+ General Information: 
    * Date:           Mon Dec  2 12:53:02 2024
    * Version:        2023.2.2 (Build 4101106 on Feb  9 2024)
    * Project:        hls_prj
    * Solution:       solution (Vivado IP Flow Target)
    * Product family: zynquplus
    * Target device:  xczu9eg-ffvb1156-2-i
    

+ Performance & Resource Estimates: 
    
    PS: '+' for module; 'o' for loop; '*' for dataflow
    +--------------------------------+------+------+---------+-----------+----------+---------+------+----------+-----------+-----------+-------------+-------------+-----+
    |             Modules            | Issue|      | Latency |  Latency  | Iteration|         | Trip |          |           |           |             |             |     |
    |             & Loops            | Type | Slack| (cycles)|    (ns)   |  Latency | Interval| Count| Pipelined|   BRAM    |    DSP    |      FF     |     LUT     | URAM|
    +--------------------------------+------+------+---------+-----------+----------+---------+------+----------+-----------+-----------+-------------+-------------+-----+
    |+ k3mm                          |     -|  0.28|    16919|  1.692e+05|         -|    16920|     -|        no|  880 (48%)|  320 (12%)|  80424 (14%)|  79841 (29%)|    -|
    | + k3mm_Pipeline_lprd_1_lprd_2  |     -|  3.76|     2050|  2.050e+04|         -|     2050|     -|        no|          -|          -|     51 (~0%)|    155 (~0%)|    -|
    |  o lprd_1_lprd_2               |     -|  7.30|     2048|  2.048e+04|         2|        1|  2048|       yes|          -|          -|            -|            -|    -|
    | + k3mm_Pipeline_lp1_lp2        |     -|  0.28|     8454|  8.454e+04|         -|     8454|     -|        no|          -|          -|   12905 (2%)|    8211 (2%)|    -|
    |  o lp1_lp2                     |    II|  7.30|     8452|  8.452e+04|       263|        2|  4096|       yes|          -|          -|            -|            -|    -|
    | + k3mm_Pipeline_lp4_lp5        |     -|  0.28|     8454|  8.454e+04|         -|     8454|     -|        no|          -|          -|   21719 (3%)|   13045 (4%)|    -|
    |  o lp4_lp5                     |    II|  7.30|     8452|  8.452e+04|       263|        2|  4096|       yes|          -|          -|            -|            -|    -|
    | + k3mm_Pipeline_lp7_lp8        |     -|  0.28|     4358|  4.358e+04|         -|     4358|     -|        no|          -|          -|   22987 (4%)|    9858 (3%)|    -|
    |  o lp7_lp8                     |    II|  7.30|     4356|  4.356e+04|       263|        2|  2048|       yes|          -|          -|            -|            -|    -|
    | + k3mm_Pipeline_lpwr_1_lpwr_2  |     -|  4.43|     2050|  2.050e+04|         -|     2050|     -|        no|          -|          -|     29 (~0%)|    177 (~0%)|    -|
    |  o lpwr_1_lpwr_2               |     -|  7.30|     2048|  2.048e+04|         2|        1|  2048|       yes|          -|          -|            -|            -|    -|
    +--------------------------------+------+------+---------+-----------+----------+---------+------+----------+-----------+-----------+-------------+-------------+-----+


================================================================
== HW Interfaces
================================================================
* AP_FIFO
+-----------+-----------+------------+
| Interface | Direction | Data Width |
+-----------+-----------+------------+
| E_out_0   | out       | 32         |
| E_out_1   | out       | 32         |
+-----------+-----------+------------+

* AP_MEMORY
+--------------+-----------+----------+
| Port         | Direction | Bitwidth |
+--------------+-----------+----------+
| A_0_address0 | out       | 11       |
| A_0_q0       | in        | 32       |
| A_1_address0 | out       | 11       |
| A_1_q0       | in        | 32       |
| B_0_address0 | out       | 11       |
| B_0_q0       | in        | 32       |
| B_1_address0 | out       | 11       |
| B_1_q0       | in        | 32       |
| C_0_address0 | out       | 11       |
| C_0_q0       | in        | 32       |
| C_1_address0 | out       | 11       |
| C_1_q0       | in        | 32       |
| D_0_address0 | out       | 11       |
| D_0_q0       | in        | 32       |
| D_1_address0 | out       | 11       |
| D_1_q0       | in        | 32       |
+--------------+-----------+----------+

* TOP LEVEL CONTROL
+-----------+------------+-----------------------------------+
| Interface | Type       | Ports                             |
+-----------+------------+-----------------------------------+
| ap_clk    | clock      | ap_clk                            |
| ap_rst    | reset      | ap_rst                            |
| ap_ctrl   | ap_ctrl_hs | ap_done ap_idle ap_ready ap_start |
+-----------+------------+-----------------------------------+


================================================================
== SW I/O Information
================================================================
* Top Function Arguments
+----------+-----------+----------+
| Argument | Direction | Datatype |
+----------+-----------+----------+
| A        | in        | float*   |
| B        | in        | float*   |
| C        | in        | float*   |
| D        | in        | float*   |
| E_out    | out       | float*   |
+----------+-----------+----------+

* SW-to-HW Mapping
+----------+--------------+-----------+----------+
| Argument | HW Interface | HW Type   | HW Usage |
+----------+--------------+-----------+----------+
| A        | A_0_address0 | port      | offset   |
| A        | A_0_ce0      | port      |          |
| A        | A_0_q0       | port      |          |
| A        | A_1_address0 | port      | offset   |
| A        | A_1_ce0      | port      |          |
| A        | A_1_q0       | port      |          |
| B        | B_0_address0 | port      | offset   |
| B        | B_0_ce0      | port      |          |
| B        | B_0_q0       | port      |          |
| B        | B_1_address0 | port      | offset   |
| B        | B_1_ce0      | port      |          |
| B        | B_1_q0       | port      |          |
| C        | C_0_address0 | port      | offset   |
| C        | C_0_ce0      | port      |          |
| C        | C_0_q0       | port      |          |
| C        | C_1_address0 | port      | offset   |
| C        | C_1_ce0      | port      |          |
| C        | C_1_q0       | port      |          |
| D        | D_0_address0 | port      | offset   |
| D        | D_0_ce0      | port      |          |
| D        | D_0_q0       | port      |          |
| D        | D_1_address0 | port      | offset   |
| D        | D_1_ce0      | port      |          |
| D        | D_1_q0       | port      |          |
| E_out    | E_out_0      | interface |          |
| E_out    | E_out_1      | interface |          |
+----------+--------------+-----------+----------+


================================================================
== Bind Op Report
================================================================
+--------------------------------+-----+--------+------------+-----+--------+---------+
| Name                           | DSP | Pragma | Variable   | Op  | Impl   | Latency |
+--------------------------------+-----+--------+------------+-----+--------+---------+
| + k3mm                         | 320 |        |            |     |        |         |
|  + k3mm_Pipeline_lprd_1_lprd_2 | 0   |        |            |     |        |         |
|    add_ln20_1_fu_6342_p2       |     |        | add_ln20_1 | add | fabric | 0       |
|    add_ln20_fu_6354_p2         |     |        | add_ln20   | add | fabric | 0       |
|    add_ln21_fu_6554_p2         |     |        | add_ln21   | add | fabric | 0       |
|  + k3mm_Pipeline_lp1_lp2       | 0   |        |            |     |        |         |
|    add_ln32_1_fu_2998_p2       |     |        | add_ln32_1 | add | fabric | 0       |
|    add_ln32_fu_3010_p2         |     |        | add_ln32   | add | fabric | 0       |
|    add_ln33_fu_4037_p2         |     |        | add_ln33   | add | fabric | 0       |
|  + k3mm_Pipeline_lp4_lp5       | 0   |        |            |     |        |         |
|    add_ln40_1_fu_5524_p2       |     |        | add_ln40_1 | add | fabric | 0       |
|    add_ln40_fu_5536_p2         |     |        | add_ln40   | add | fabric | 0       |
|    add_ln41_fu_5908_p2         |     |        | add_ln41   | add | fabric | 0       |
|  + k3mm_Pipeline_lp7_lp8       | 0   |        |            |     |        |         |
|    add_ln48_1_fu_3258_p2       |     |        | add_ln48_1 | add | fabric | 0       |
|    add_ln48_fu_3270_p2         |     |        | add_ln48   | add | fabric | 0       |
|    add_ln49_fu_3640_p2         |     |        | add_ln49   | add | fabric | 0       |
|  + k3mm_Pipeline_lpwr_1_lpwr_2 | 0   |        |            |     |        |         |
|    add_ln56_1_fu_132_p2        |     |        | add_ln56_1 | add | fabric | 0       |
|    add_ln56_fu_144_p2          |     |        | add_ln56   | add | fabric | 0       |
|    add_ln57_fu_202_p2          |     |        | add_ln57   | add | fabric | 0       |
+--------------------------------+-----+--------+------------+-----+--------+---------+


================================================================
== Storage Report
================================================================
+----------------------------------------+---------------+------+------+------+--------+--------------+------+---------+------------------+
| Name                                   | Usage         | Type | BRAM | URAM | Pragma | Variable     | Impl | Latency | Bitwidth, Depth, |
|                                        |               |      |      |      |        |              |      |         | Banks            |
+----------------------------------------+---------------+------+------+------+--------+--------------+------+---------+------------------+
| + k3mm                                 |               |      | 880  | 0    |        |              |      |         |                  |
|   buff_A_U                             | rom_np array  |      | 4    |      |        | buff_A       | auto | 1       | 32, 2048, 1      |
|   buff_A_1_U                           | rom_np array  |      | 4    |      |        | buff_A_1     | auto | 1       | 32, 2048, 1      |
|   buff_B_U                             | ram_1p array  |      | 2    |      |        | buff_B       | auto | 1       | 32, 32, 1        |
|   buff_B_1_U                           | ram_1p array  |      | 2    |      |        | buff_B_1     | auto | 1       | 32, 32, 1        |
|   buff_B_2_U                           | ram_1p array  |      | 2    |      |        | buff_B_2     | auto | 1       | 32, 32, 1        |
|   buff_B_3_U                           | ram_1p array  |      | 2    |      |        | buff_B_3     | auto | 1       | 32, 32, 1        |
|   buff_B_4_U                           | ram_1p array  |      | 2    |      |        | buff_B_4     | auto | 1       | 32, 32, 1        |
|   buff_B_5_U                           | ram_1p array  |      | 2    |      |        | buff_B_5     | auto | 1       | 32, 32, 1        |
|   buff_B_6_U                           | ram_1p array  |      | 2    |      |        | buff_B_6     | auto | 1       | 32, 32, 1        |
|   buff_B_7_U                           | ram_1p array  |      | 2    |      |        | buff_B_7     | auto | 1       | 32, 32, 1        |
|   buff_B_8_U                           | ram_1p array  |      | 2    |      |        | buff_B_8     | auto | 1       | 32, 32, 1        |
|   buff_B_9_U                           | ram_1p array  |      | 2    |      |        | buff_B_9     | auto | 1       | 32, 32, 1        |
|   buff_B_10_U                          | ram_1p array  |      | 2    |      |        | buff_B_10    | auto | 1       | 32, 32, 1        |
|   buff_B_11_U                          | ram_1p array  |      | 2    |      |        | buff_B_11    | auto | 1       | 32, 32, 1        |
|   buff_B_12_U                          | ram_1p array  |      | 2    |      |        | buff_B_12    | auto | 1       | 32, 32, 1        |
|   buff_B_13_U                          | ram_1p array  |      | 2    |      |        | buff_B_13    | auto | 1       | 32, 32, 1        |
|   buff_B_14_U                          | ram_1p array  |      | 2    |      |        | buff_B_14    | auto | 1       | 32, 32, 1        |
|   buff_B_15_U                          | ram_1p array  |      | 2    |      |        | buff_B_15    | auto | 1       | 32, 32, 1        |
|   buff_B_16_U                          | ram_1p array  |      | 2    |      |        | buff_B_16    | auto | 1       | 32, 32, 1        |
|   buff_B_17_U                          | ram_1p array  |      | 2    |      |        | buff_B_17    | auto | 1       | 32, 32, 1        |
|   buff_B_18_U                          | ram_1p array  |      | 2    |      |        | buff_B_18    | auto | 1       | 32, 32, 1        |
|   buff_B_19_U                          | ram_1p array  |      | 2    |      |        | buff_B_19    | auto | 1       | 32, 32, 1        |
|   buff_B_20_U                          | ram_1p array  |      | 2    |      |        | buff_B_20    | auto | 1       | 32, 32, 1        |
|   buff_B_21_U                          | ram_1p array  |      | 2    |      |        | buff_B_21    | auto | 1       | 32, 32, 1        |
|   buff_B_22_U                          | ram_1p array  |      | 2    |      |        | buff_B_22    | auto | 1       | 32, 32, 1        |
|   buff_B_23_U                          | ram_1p array  |      | 2    |      |        | buff_B_23    | auto | 1       | 32, 32, 1        |
|   buff_B_24_U                          | ram_1p array  |      | 2    |      |        | buff_B_24    | auto | 1       | 32, 32, 1        |
|   buff_B_25_U                          | ram_1p array  |      | 2    |      |        | buff_B_25    | auto | 1       | 32, 32, 1        |
|   buff_B_26_U                          | ram_1p array  |      | 2    |      |        | buff_B_26    | auto | 1       | 32, 32, 1        |
|   buff_B_27_U                          | ram_1p array  |      | 2    |      |        | buff_B_27    | auto | 1       | 32, 32, 1        |
|   buff_B_28_U                          | ram_1p array  |      | 2    |      |        | buff_B_28    | auto | 1       | 32, 32, 1        |
|   buff_B_29_U                          | ram_1p array  |      | 2    |      |        | buff_B_29    | auto | 1       | 32, 32, 1        |
|   buff_B_30_U                          | ram_1p array  |      | 2    |      |        | buff_B_30    | auto | 1       | 32, 32, 1        |
|   buff_B_31_U                          | ram_1p array  |      | 2    |      |        | buff_B_31    | auto | 1       | 32, 32, 1        |
|   buff_B_32_U                          | ram_1p array  |      | 2    |      |        | buff_B_32    | auto | 1       | 32, 32, 1        |
|   buff_B_33_U                          | ram_1p array  |      | 2    |      |        | buff_B_33    | auto | 1       | 32, 32, 1        |
|   buff_B_34_U                          | ram_1p array  |      | 2    |      |        | buff_B_34    | auto | 1       | 32, 32, 1        |
|   buff_B_35_U                          | ram_1p array  |      | 2    |      |        | buff_B_35    | auto | 1       | 32, 32, 1        |
|   buff_B_36_U                          | ram_1p array  |      | 2    |      |        | buff_B_36    | auto | 1       | 32, 32, 1        |
|   buff_B_37_U                          | ram_1p array  |      | 2    |      |        | buff_B_37    | auto | 1       | 32, 32, 1        |
|   buff_B_38_U                          | ram_1p array  |      | 2    |      |        | buff_B_38    | auto | 1       | 32, 32, 1        |
|   buff_B_39_U                          | ram_1p array  |      | 2    |      |        | buff_B_39    | auto | 1       | 32, 32, 1        |
|   buff_B_40_U                          | ram_1p array  |      | 2    |      |        | buff_B_40    | auto | 1       | 32, 32, 1        |
|   buff_B_41_U                          | ram_1p array  |      | 2    |      |        | buff_B_41    | auto | 1       | 32, 32, 1        |
|   buff_B_42_U                          | ram_1p array  |      | 2    |      |        | buff_B_42    | auto | 1       | 32, 32, 1        |
|   buff_B_43_U                          | ram_1p array  |      | 2    |      |        | buff_B_43    | auto | 1       | 32, 32, 1        |
|   buff_B_44_U                          | ram_1p array  |      | 2    |      |        | buff_B_44    | auto | 1       | 32, 32, 1        |
|   buff_B_45_U                          | ram_1p array  |      | 2    |      |        | buff_B_45    | auto | 1       | 32, 32, 1        |
|   buff_B_46_U                          | ram_1p array  |      | 2    |      |        | buff_B_46    | auto | 1       | 32, 32, 1        |
|   buff_B_47_U                          | ram_1p array  |      | 2    |      |        | buff_B_47    | auto | 1       | 32, 32, 1        |
|   buff_B_48_U                          | ram_1p array  |      | 2    |      |        | buff_B_48    | auto | 1       | 32, 32, 1        |
|   buff_B_49_U                          | ram_1p array  |      | 2    |      |        | buff_B_49    | auto | 1       | 32, 32, 1        |
|   buff_B_50_U                          | ram_1p array  |      | 2    |      |        | buff_B_50    | auto | 1       | 32, 32, 1        |
|   buff_B_51_U                          | ram_1p array  |      | 2    |      |        | buff_B_51    | auto | 1       | 32, 32, 1        |
|   buff_B_52_U                          | ram_1p array  |      | 2    |      |        | buff_B_52    | auto | 1       | 32, 32, 1        |
|   buff_B_53_U                          | ram_1p array  |      | 2    |      |        | buff_B_53    | auto | 1       | 32, 32, 1        |
|   buff_B_54_U                          | ram_1p array  |      | 2    |      |        | buff_B_54    | auto | 1       | 32, 32, 1        |
|   buff_B_55_U                          | ram_1p array  |      | 2    |      |        | buff_B_55    | auto | 1       | 32, 32, 1        |
|   buff_B_56_U                          | ram_1p array  |      | 2    |      |        | buff_B_56    | auto | 1       | 32, 32, 1        |
|   buff_B_57_U                          | ram_1p array  |      | 2    |      |        | buff_B_57    | auto | 1       | 32, 32, 1        |
|   buff_B_58_U                          | ram_1p array  |      | 2    |      |        | buff_B_58    | auto | 1       | 32, 32, 1        |
|   buff_B_59_U                          | ram_1p array  |      | 2    |      |        | buff_B_59    | auto | 1       | 32, 32, 1        |
|   buff_B_60_U                          | ram_1p array  |      | 2    |      |        | buff_B_60    | auto | 1       | 32, 32, 1        |
|   buff_B_61_U                          | ram_1p array  |      | 2    |      |        | buff_B_61    | auto | 1       | 32, 32, 1        |
|   buff_B_62_U                          | ram_1p array  |      | 2    |      |        | buff_B_62    | auto | 1       | 32, 32, 1        |
|   buff_B_63_U                          | ram_1p array  |      | 2    |      |        | buff_B_63    | auto | 1       | 32, 32, 1        |
|   buff_B_64_U                          | ram_1p array  |      | 2    |      |        | buff_B_64    | auto | 1       | 32, 32, 1        |
|   buff_B_65_U                          | ram_1p array  |      | 2    |      |        | buff_B_65    | auto | 1       | 32, 32, 1        |
|   buff_B_66_U                          | ram_1p array  |      | 2    |      |        | buff_B_66    | auto | 1       | 32, 32, 1        |
|   buff_B_67_U                          | ram_1p array  |      | 2    |      |        | buff_B_67    | auto | 1       | 32, 32, 1        |
|   buff_B_68_U                          | ram_1p array  |      | 2    |      |        | buff_B_68    | auto | 1       | 32, 32, 1        |
|   buff_B_69_U                          | ram_1p array  |      | 2    |      |        | buff_B_69    | auto | 1       | 32, 32, 1        |
|   buff_B_70_U                          | ram_1p array  |      | 2    |      |        | buff_B_70    | auto | 1       | 32, 32, 1        |
|   buff_B_71_U                          | ram_1p array  |      | 2    |      |        | buff_B_71    | auto | 1       | 32, 32, 1        |
|   buff_B_72_U                          | ram_1p array  |      | 2    |      |        | buff_B_72    | auto | 1       | 32, 32, 1        |
|   buff_B_73_U                          | ram_1p array  |      | 2    |      |        | buff_B_73    | auto | 1       | 32, 32, 1        |
|   buff_B_74_U                          | ram_1p array  |      | 2    |      |        | buff_B_74    | auto | 1       | 32, 32, 1        |
|   buff_B_75_U                          | ram_1p array  |      | 2    |      |        | buff_B_75    | auto | 1       | 32, 32, 1        |
|   buff_B_76_U                          | ram_1p array  |      | 2    |      |        | buff_B_76    | auto | 1       | 32, 32, 1        |
|   buff_B_77_U                          | ram_1p array  |      | 2    |      |        | buff_B_77    | auto | 1       | 32, 32, 1        |
|   buff_B_78_U                          | ram_1p array  |      | 2    |      |        | buff_B_78    | auto | 1       | 32, 32, 1        |
|   buff_B_79_U                          | ram_1p array  |      | 2    |      |        | buff_B_79    | auto | 1       | 32, 32, 1        |
|   buff_B_80_U                          | ram_1p array  |      | 2    |      |        | buff_B_80    | auto | 1       | 32, 32, 1        |
|   buff_B_81_U                          | ram_1p array  |      | 2    |      |        | buff_B_81    | auto | 1       | 32, 32, 1        |
|   buff_B_82_U                          | ram_1p array  |      | 2    |      |        | buff_B_82    | auto | 1       | 32, 32, 1        |
|   buff_B_83_U                          | ram_1p array  |      | 2    |      |        | buff_B_83    | auto | 1       | 32, 32, 1        |
|   buff_B_84_U                          | ram_1p array  |      | 2    |      |        | buff_B_84    | auto | 1       | 32, 32, 1        |
|   buff_B_85_U                          | ram_1p array  |      | 2    |      |        | buff_B_85    | auto | 1       | 32, 32, 1        |
|   buff_B_86_U                          | ram_1p array  |      | 2    |      |        | buff_B_86    | auto | 1       | 32, 32, 1        |
|   buff_B_87_U                          | ram_1p array  |      | 2    |      |        | buff_B_87    | auto | 1       | 32, 32, 1        |
|   buff_B_88_U                          | ram_1p array  |      | 2    |      |        | buff_B_88    | auto | 1       | 32, 32, 1        |
|   buff_B_89_U                          | ram_1p array  |      | 2    |      |        | buff_B_89    | auto | 1       | 32, 32, 1        |
|   buff_B_90_U                          | ram_1p array  |      | 2    |      |        | buff_B_90    | auto | 1       | 32, 32, 1        |
|   buff_B_91_U                          | ram_1p array  |      | 2    |      |        | buff_B_91    | auto | 1       | 32, 32, 1        |
|   buff_B_92_U                          | ram_1p array  |      | 2    |      |        | buff_B_92    | auto | 1       | 32, 32, 1        |
|   buff_B_93_U                          | ram_1p array  |      | 2    |      |        | buff_B_93    | auto | 1       | 32, 32, 1        |
|   buff_B_94_U                          | ram_1p array  |      | 2    |      |        | buff_B_94    | auto | 1       | 32, 32, 1        |
|   buff_B_95_U                          | ram_1p array  |      | 2    |      |        | buff_B_95    | auto | 1       | 32, 32, 1        |
|   buff_B_96_U                          | ram_1p array  |      | 2    |      |        | buff_B_96    | auto | 1       | 32, 32, 1        |
|   buff_B_97_U                          | ram_1p array  |      | 2    |      |        | buff_B_97    | auto | 1       | 32, 32, 1        |
|   buff_B_98_U                          | ram_1p array  |      | 2    |      |        | buff_B_98    | auto | 1       | 32, 32, 1        |
|   buff_B_99_U                          | ram_1p array  |      | 2    |      |        | buff_B_99    | auto | 1       | 32, 32, 1        |
|   buff_B_100_U                         | ram_1p array  |      | 2    |      |        | buff_B_100   | auto | 1       | 32, 32, 1        |
|   buff_B_101_U                         | ram_1p array  |      | 2    |      |        | buff_B_101   | auto | 1       | 32, 32, 1        |
|   buff_B_102_U                         | ram_1p array  |      | 2    |      |        | buff_B_102   | auto | 1       | 32, 32, 1        |
|   buff_B_103_U                         | ram_1p array  |      | 2    |      |        | buff_B_103   | auto | 1       | 32, 32, 1        |
|   buff_B_104_U                         | ram_1p array  |      | 2    |      |        | buff_B_104   | auto | 1       | 32, 32, 1        |
|   buff_B_105_U                         | ram_1p array  |      | 2    |      |        | buff_B_105   | auto | 1       | 32, 32, 1        |
|   buff_B_106_U                         | ram_1p array  |      | 2    |      |        | buff_B_106   | auto | 1       | 32, 32, 1        |
|   buff_B_107_U                         | ram_1p array  |      | 2    |      |        | buff_B_107   | auto | 1       | 32, 32, 1        |
|   buff_B_108_U                         | ram_1p array  |      | 2    |      |        | buff_B_108   | auto | 1       | 32, 32, 1        |
|   buff_B_109_U                         | ram_1p array  |      | 2    |      |        | buff_B_109   | auto | 1       | 32, 32, 1        |
|   buff_B_110_U                         | ram_1p array  |      | 2    |      |        | buff_B_110   | auto | 1       | 32, 32, 1        |
|   buff_B_111_U                         | ram_1p array  |      | 2    |      |        | buff_B_111   | auto | 1       | 32, 32, 1        |
|   buff_B_112_U                         | ram_1p array  |      | 2    |      |        | buff_B_112   | auto | 1       | 32, 32, 1        |
|   buff_B_113_U                         | ram_1p array  |      | 2    |      |        | buff_B_113   | auto | 1       | 32, 32, 1        |
|   buff_B_114_U                         | ram_1p array  |      | 2    |      |        | buff_B_114   | auto | 1       | 32, 32, 1        |
|   buff_B_115_U                         | ram_1p array  |      | 2    |      |        | buff_B_115   | auto | 1       | 32, 32, 1        |
|   buff_B_116_U                         | ram_1p array  |      | 2    |      |        | buff_B_116   | auto | 1       | 32, 32, 1        |
|   buff_B_117_U                         | ram_1p array  |      | 2    |      |        | buff_B_117   | auto | 1       | 32, 32, 1        |
|   buff_B_118_U                         | ram_1p array  |      | 2    |      |        | buff_B_118   | auto | 1       | 32, 32, 1        |
|   buff_B_119_U                         | ram_1p array  |      | 2    |      |        | buff_B_119   | auto | 1       | 32, 32, 1        |
|   buff_B_120_U                         | ram_1p array  |      | 2    |      |        | buff_B_120   | auto | 1       | 32, 32, 1        |
|   buff_B_121_U                         | ram_1p array  |      | 2    |      |        | buff_B_121   | auto | 1       | 32, 32, 1        |
|   buff_B_122_U                         | ram_1p array  |      | 2    |      |        | buff_B_122   | auto | 1       | 32, 32, 1        |
|   buff_B_123_U                         | ram_1p array  |      | 2    |      |        | buff_B_123   | auto | 1       | 32, 32, 1        |
|   buff_B_124_U                         | ram_1p array  |      | 2    |      |        | buff_B_124   | auto | 1       | 32, 32, 1        |
|   buff_B_125_U                         | ram_1p array  |      | 2    |      |        | buff_B_125   | auto | 1       | 32, 32, 1        |
|   buff_B_126_U                         | ram_1p array  |      | 2    |      |        | buff_B_126   | auto | 1       | 32, 32, 1        |
|   buff_B_127_U                         | ram_1p array  |      | 2    |      |        | buff_B_127   | auto | 1       | 32, 32, 1        |
|   buff_C_U                             | rom_np array  |      | 4    |      |        | buff_C       | auto | 1       | 32, 2048, 1      |
|   buff_C_1_U                           | rom_np array  |      | 4    |      |        | buff_C_1     | auto | 1       | 32, 2048, 1      |
|   buff_D_U                             | ram_1p array  |      | 2    |      |        | buff_D       | auto | 1       | 32, 32, 1        |
|   buff_D_1_U                           | ram_1p array  |      | 2    |      |        | buff_D_1     | auto | 1       | 32, 32, 1        |
|   buff_D_2_U                           | ram_1p array  |      | 2    |      |        | buff_D_2     | auto | 1       | 32, 32, 1        |
|   buff_D_3_U                           | ram_1p array  |      | 2    |      |        | buff_D_3     | auto | 1       | 32, 32, 1        |
|   buff_D_4_U                           | ram_1p array  |      | 2    |      |        | buff_D_4     | auto | 1       | 32, 32, 1        |
|   buff_D_5_U                           | ram_1p array  |      | 2    |      |        | buff_D_5     | auto | 1       | 32, 32, 1        |
|   buff_D_6_U                           | ram_1p array  |      | 2    |      |        | buff_D_6     | auto | 1       | 32, 32, 1        |
|   buff_D_7_U                           | ram_1p array  |      | 2    |      |        | buff_D_7     | auto | 1       | 32, 32, 1        |
|   buff_D_8_U                           | ram_1p array  |      | 2    |      |        | buff_D_8     | auto | 1       | 32, 32, 1        |
|   buff_D_9_U                           | ram_1p array  |      | 2    |      |        | buff_D_9     | auto | 1       | 32, 32, 1        |
|   buff_D_10_U                          | ram_1p array  |      | 2    |      |        | buff_D_10    | auto | 1       | 32, 32, 1        |
|   buff_D_11_U                          | ram_1p array  |      | 2    |      |        | buff_D_11    | auto | 1       | 32, 32, 1        |
|   buff_D_12_U                          | ram_1p array  |      | 2    |      |        | buff_D_12    | auto | 1       | 32, 32, 1        |
|   buff_D_13_U                          | ram_1p array  |      | 2    |      |        | buff_D_13    | auto | 1       | 32, 32, 1        |
|   buff_D_14_U                          | ram_1p array  |      | 2    |      |        | buff_D_14    | auto | 1       | 32, 32, 1        |
|   buff_D_15_U                          | ram_1p array  |      | 2    |      |        | buff_D_15    | auto | 1       | 32, 32, 1        |
|   buff_D_16_U                          | ram_1p array  |      | 2    |      |        | buff_D_16    | auto | 1       | 32, 32, 1        |
|   buff_D_17_U                          | ram_1p array  |      | 2    |      |        | buff_D_17    | auto | 1       | 32, 32, 1        |
|   buff_D_18_U                          | ram_1p array  |      | 2    |      |        | buff_D_18    | auto | 1       | 32, 32, 1        |
|   buff_D_19_U                          | ram_1p array  |      | 2    |      |        | buff_D_19    | auto | 1       | 32, 32, 1        |
|   buff_D_20_U                          | ram_1p array  |      | 2    |      |        | buff_D_20    | auto | 1       | 32, 32, 1        |
|   buff_D_21_U                          | ram_1p array  |      | 2    |      |        | buff_D_21    | auto | 1       | 32, 32, 1        |
|   buff_D_22_U                          | ram_1p array  |      | 2    |      |        | buff_D_22    | auto | 1       | 32, 32, 1        |
|   buff_D_23_U                          | ram_1p array  |      | 2    |      |        | buff_D_23    | auto | 1       | 32, 32, 1        |
|   buff_D_24_U                          | ram_1p array  |      | 2    |      |        | buff_D_24    | auto | 1       | 32, 32, 1        |
|   buff_D_25_U                          | ram_1p array  |      | 2    |      |        | buff_D_25    | auto | 1       | 32, 32, 1        |
|   buff_D_26_U                          | ram_1p array  |      | 2    |      |        | buff_D_26    | auto | 1       | 32, 32, 1        |
|   buff_D_27_U                          | ram_1p array  |      | 2    |      |        | buff_D_27    | auto | 1       | 32, 32, 1        |
|   buff_D_28_U                          | ram_1p array  |      | 2    |      |        | buff_D_28    | auto | 1       | 32, 32, 1        |
|   buff_D_29_U                          | ram_1p array  |      | 2    |      |        | buff_D_29    | auto | 1       | 32, 32, 1        |
|   buff_D_30_U                          | ram_1p array  |      | 2    |      |        | buff_D_30    | auto | 1       | 32, 32, 1        |
|   buff_D_31_U                          | ram_1p array  |      | 2    |      |        | buff_D_31    | auto | 1       | 32, 32, 1        |
|   buff_D_32_U                          | ram_1p array  |      | 2    |      |        | buff_D_32    | auto | 1       | 32, 32, 1        |
|   buff_D_33_U                          | ram_1p array  |      | 2    |      |        | buff_D_33    | auto | 1       | 32, 32, 1        |
|   buff_D_34_U                          | ram_1p array  |      | 2    |      |        | buff_D_34    | auto | 1       | 32, 32, 1        |
|   buff_D_35_U                          | ram_1p array  |      | 2    |      |        | buff_D_35    | auto | 1       | 32, 32, 1        |
|   buff_D_36_U                          | ram_1p array  |      | 2    |      |        | buff_D_36    | auto | 1       | 32, 32, 1        |
|   buff_D_37_U                          | ram_1p array  |      | 2    |      |        | buff_D_37    | auto | 1       | 32, 32, 1        |
|   buff_D_38_U                          | ram_1p array  |      | 2    |      |        | buff_D_38    | auto | 1       | 32, 32, 1        |
|   buff_D_39_U                          | ram_1p array  |      | 2    |      |        | buff_D_39    | auto | 1       | 32, 32, 1        |
|   buff_D_40_U                          | ram_1p array  |      | 2    |      |        | buff_D_40    | auto | 1       | 32, 32, 1        |
|   buff_D_41_U                          | ram_1p array  |      | 2    |      |        | buff_D_41    | auto | 1       | 32, 32, 1        |
|   buff_D_42_U                          | ram_1p array  |      | 2    |      |        | buff_D_42    | auto | 1       | 32, 32, 1        |
|   buff_D_43_U                          | ram_1p array  |      | 2    |      |        | buff_D_43    | auto | 1       | 32, 32, 1        |
|   buff_D_44_U                          | ram_1p array  |      | 2    |      |        | buff_D_44    | auto | 1       | 32, 32, 1        |
|   buff_D_45_U                          | ram_1p array  |      | 2    |      |        | buff_D_45    | auto | 1       | 32, 32, 1        |
|   buff_D_46_U                          | ram_1p array  |      | 2    |      |        | buff_D_46    | auto | 1       | 32, 32, 1        |
|   buff_D_47_U                          | ram_1p array  |      | 2    |      |        | buff_D_47    | auto | 1       | 32, 32, 1        |
|   buff_D_48_U                          | ram_1p array  |      | 2    |      |        | buff_D_48    | auto | 1       | 32, 32, 1        |
|   buff_D_49_U                          | ram_1p array  |      | 2    |      |        | buff_D_49    | auto | 1       | 32, 32, 1        |
|   buff_D_50_U                          | ram_1p array  |      | 2    |      |        | buff_D_50    | auto | 1       | 32, 32, 1        |
|   buff_D_51_U                          | ram_1p array  |      | 2    |      |        | buff_D_51    | auto | 1       | 32, 32, 1        |
|   buff_D_52_U                          | ram_1p array  |      | 2    |      |        | buff_D_52    | auto | 1       | 32, 32, 1        |
|   buff_D_53_U                          | ram_1p array  |      | 2    |      |        | buff_D_53    | auto | 1       | 32, 32, 1        |
|   buff_D_54_U                          | ram_1p array  |      | 2    |      |        | buff_D_54    | auto | 1       | 32, 32, 1        |
|   buff_D_55_U                          | ram_1p array  |      | 2    |      |        | buff_D_55    | auto | 1       | 32, 32, 1        |
|   buff_D_56_U                          | ram_1p array  |      | 2    |      |        | buff_D_56    | auto | 1       | 32, 32, 1        |
|   buff_D_57_U                          | ram_1p array  |      | 2    |      |        | buff_D_57    | auto | 1       | 32, 32, 1        |
|   buff_D_58_U                          | ram_1p array  |      | 2    |      |        | buff_D_58    | auto | 1       | 32, 32, 1        |
|   buff_D_59_U                          | ram_1p array  |      | 2    |      |        | buff_D_59    | auto | 1       | 32, 32, 1        |
|   buff_D_60_U                          | ram_1p array  |      | 2    |      |        | buff_D_60    | auto | 1       | 32, 32, 1        |
|   buff_D_61_U                          | ram_1p array  |      | 2    |      |        | buff_D_61    | auto | 1       | 32, 32, 1        |
|   buff_D_62_U                          | ram_1p array  |      | 2    |      |        | buff_D_62    | auto | 1       | 32, 32, 1        |
|   buff_D_63_U                          | ram_1p array  |      | 2    |      |        | buff_D_63    | auto | 1       | 32, 32, 1        |
|   buff_D_64_U                          | ram_1p array  |      | 2    |      |        | buff_D_64    | auto | 1       | 32, 32, 1        |
|   buff_D_65_U                          | ram_1p array  |      | 2    |      |        | buff_D_65    | auto | 1       | 32, 32, 1        |
|   buff_D_66_U                          | ram_1p array  |      | 2    |      |        | buff_D_66    | auto | 1       | 32, 32, 1        |
|   buff_D_67_U                          | ram_1p array  |      | 2    |      |        | buff_D_67    | auto | 1       | 32, 32, 1        |
|   buff_D_68_U                          | ram_1p array  |      | 2    |      |        | buff_D_68    | auto | 1       | 32, 32, 1        |
|   buff_D_69_U                          | ram_1p array  |      | 2    |      |        | buff_D_69    | auto | 1       | 32, 32, 1        |
|   buff_D_70_U                          | ram_1p array  |      | 2    |      |        | buff_D_70    | auto | 1       | 32, 32, 1        |
|   buff_D_71_U                          | ram_1p array  |      | 2    |      |        | buff_D_71    | auto | 1       | 32, 32, 1        |
|   buff_D_72_U                          | ram_1p array  |      | 2    |      |        | buff_D_72    | auto | 1       | 32, 32, 1        |
|   buff_D_73_U                          | ram_1p array  |      | 2    |      |        | buff_D_73    | auto | 1       | 32, 32, 1        |
|   buff_D_74_U                          | ram_1p array  |      | 2    |      |        | buff_D_74    | auto | 1       | 32, 32, 1        |
|   buff_D_75_U                          | ram_1p array  |      | 2    |      |        | buff_D_75    | auto | 1       | 32, 32, 1        |
|   buff_D_76_U                          | ram_1p array  |      | 2    |      |        | buff_D_76    | auto | 1       | 32, 32, 1        |
|   buff_D_77_U                          | ram_1p array  |      | 2    |      |        | buff_D_77    | auto | 1       | 32, 32, 1        |
|   buff_D_78_U                          | ram_1p array  |      | 2    |      |        | buff_D_78    | auto | 1       | 32, 32, 1        |
|   buff_D_79_U                          | ram_1p array  |      | 2    |      |        | buff_D_79    | auto | 1       | 32, 32, 1        |
|   buff_D_80_U                          | ram_1p array  |      | 2    |      |        | buff_D_80    | auto | 1       | 32, 32, 1        |
|   buff_D_81_U                          | ram_1p array  |      | 2    |      |        | buff_D_81    | auto | 1       | 32, 32, 1        |
|   buff_D_82_U                          | ram_1p array  |      | 2    |      |        | buff_D_82    | auto | 1       | 32, 32, 1        |
|   buff_D_83_U                          | ram_1p array  |      | 2    |      |        | buff_D_83    | auto | 1       | 32, 32, 1        |
|   buff_D_84_U                          | ram_1p array  |      | 2    |      |        | buff_D_84    | auto | 1       | 32, 32, 1        |
|   buff_D_85_U                          | ram_1p array  |      | 2    |      |        | buff_D_85    | auto | 1       | 32, 32, 1        |
|   buff_D_86_U                          | ram_1p array  |      | 2    |      |        | buff_D_86    | auto | 1       | 32, 32, 1        |
|   buff_D_87_U                          | ram_1p array  |      | 2    |      |        | buff_D_87    | auto | 1       | 32, 32, 1        |
|   buff_D_88_U                          | ram_1p array  |      | 2    |      |        | buff_D_88    | auto | 1       | 32, 32, 1        |
|   buff_D_89_U                          | ram_1p array  |      | 2    |      |        | buff_D_89    | auto | 1       | 32, 32, 1        |
|   buff_D_90_U                          | ram_1p array  |      | 2    |      |        | buff_D_90    | auto | 1       | 32, 32, 1        |
|   buff_D_91_U                          | ram_1p array  |      | 2    |      |        | buff_D_91    | auto | 1       | 32, 32, 1        |
|   buff_D_92_U                          | ram_1p array  |      | 2    |      |        | buff_D_92    | auto | 1       | 32, 32, 1        |
|   buff_D_93_U                          | ram_1p array  |      | 2    |      |        | buff_D_93    | auto | 1       | 32, 32, 1        |
|   buff_D_94_U                          | ram_1p array  |      | 2    |      |        | buff_D_94    | auto | 1       | 32, 32, 1        |
|   buff_D_95_U                          | ram_1p array  |      | 2    |      |        | buff_D_95    | auto | 1       | 32, 32, 1        |
|   buff_D_96_U                          | ram_1p array  |      | 2    |      |        | buff_D_96    | auto | 1       | 32, 32, 1        |
|   buff_D_97_U                          | ram_1p array  |      | 2    |      |        | buff_D_97    | auto | 1       | 32, 32, 1        |
|   buff_D_98_U                          | ram_1p array  |      | 2    |      |        | buff_D_98    | auto | 1       | 32, 32, 1        |
|   buff_D_99_U                          | ram_1p array  |      | 2    |      |        | buff_D_99    | auto | 1       | 32, 32, 1        |
|   buff_D_100_U                         | ram_1p array  |      | 2    |      |        | buff_D_100   | auto | 1       | 32, 32, 1        |
|   buff_D_101_U                         | ram_1p array  |      | 2    |      |        | buff_D_101   | auto | 1       | 32, 32, 1        |
|   buff_D_102_U                         | ram_1p array  |      | 2    |      |        | buff_D_102   | auto | 1       | 32, 32, 1        |
|   buff_D_103_U                         | ram_1p array  |      | 2    |      |        | buff_D_103   | auto | 1       | 32, 32, 1        |
|   buff_D_104_U                         | ram_1p array  |      | 2    |      |        | buff_D_104   | auto | 1       | 32, 32, 1        |
|   buff_D_105_U                         | ram_1p array  |      | 2    |      |        | buff_D_105   | auto | 1       | 32, 32, 1        |
|   buff_D_106_U                         | ram_1p array  |      | 2    |      |        | buff_D_106   | auto | 1       | 32, 32, 1        |
|   buff_D_107_U                         | ram_1p array  |      | 2    |      |        | buff_D_107   | auto | 1       | 32, 32, 1        |
|   buff_D_108_U                         | ram_1p array  |      | 2    |      |        | buff_D_108   | auto | 1       | 32, 32, 1        |
|   buff_D_109_U                         | ram_1p array  |      | 2    |      |        | buff_D_109   | auto | 1       | 32, 32, 1        |
|   buff_D_110_U                         | ram_1p array  |      | 2    |      |        | buff_D_110   | auto | 1       | 32, 32, 1        |
|   buff_D_111_U                         | ram_1p array  |      | 2    |      |        | buff_D_111   | auto | 1       | 32, 32, 1        |
|   buff_D_112_U                         | ram_1p array  |      | 2    |      |        | buff_D_112   | auto | 1       | 32, 32, 1        |
|   buff_D_113_U                         | ram_1p array  |      | 2    |      |        | buff_D_113   | auto | 1       | 32, 32, 1        |
|   buff_D_114_U                         | ram_1p array  |      | 2    |      |        | buff_D_114   | auto | 1       | 32, 32, 1        |
|   buff_D_115_U                         | ram_1p array  |      | 2    |      |        | buff_D_115   | auto | 1       | 32, 32, 1        |
|   buff_D_116_U                         | ram_1p array  |      | 2    |      |        | buff_D_116   | auto | 1       | 32, 32, 1        |
|   buff_D_117_U                         | ram_1p array  |      | 2    |      |        | buff_D_117   | auto | 1       | 32, 32, 1        |
|   buff_D_118_U                         | ram_1p array  |      | 2    |      |        | buff_D_118   | auto | 1       | 32, 32, 1        |
|   buff_D_119_U                         | ram_1p array  |      | 2    |      |        | buff_D_119   | auto | 1       | 32, 32, 1        |
|   buff_D_120_U                         | ram_1p array  |      | 2    |      |        | buff_D_120   | auto | 1       | 32, 32, 1        |
|   buff_D_121_U                         | ram_1p array  |      | 2    |      |        | buff_D_121   | auto | 1       | 32, 32, 1        |
|   buff_D_122_U                         | ram_1p array  |      | 2    |      |        | buff_D_122   | auto | 1       | 32, 32, 1        |
|   buff_D_123_U                         | ram_1p array  |      | 2    |      |        | buff_D_123   | auto | 1       | 32, 32, 1        |
|   buff_D_124_U                         | ram_1p array  |      | 2    |      |        | buff_D_124   | auto | 1       | 32, 32, 1        |
|   buff_D_125_U                         | ram_1p array  |      | 2    |      |        | buff_D_125   | auto | 1       | 32, 32, 1        |
|   buff_D_126_U                         | ram_1p array  |      | 2    |      |        | buff_D_126   | auto | 1       | 32, 32, 1        |
|   buff_D_127_U                         | ram_1p array  |      | 2    |      |        | buff_D_127   | auto | 1       | 32, 32, 1        |
|   buff_E_out_U                         | ram_s2p array |      | 4    |      |        | buff_E_out   | auto | 1       | 32, 2048, 1      |
|   buff_E_out_1_U                       | ram_s2p array |      | 4    |      |        | buff_E_out_1 | auto | 1       | 32, 2048, 1      |
|   tmp1_U                               | rom_np array  |      | 4    |      |        | tmp1         | auto | 1       | 32, 2048, 1      |
|   tmp1_1_U                             | rom_np array  |      | 4    |      |        | tmp1_1       | auto | 1       | 32, 2048, 1      |
|   tmp2_U                               | ram_s2p array |      | 2    |      |        | tmp2         | auto | 1       | 32, 32, 1        |
|   tmp2_1_U                             | ram_s2p array |      | 2    |      |        | tmp2_1       | auto | 1       | 32, 32, 1        |
|   tmp2_2_U                             | ram_s2p array |      | 2    |      |        | tmp2_2       | auto | 1       | 32, 32, 1        |
|   tmp2_3_U                             | ram_s2p array |      | 2    |      |        | tmp2_3       | auto | 1       | 32, 32, 1        |
|   tmp2_4_U                             | ram_s2p array |      | 2    |      |        | tmp2_4       | auto | 1       | 32, 32, 1        |
|   tmp2_5_U                             | ram_s2p array |      | 2    |      |        | tmp2_5       | auto | 1       | 32, 32, 1        |
|   tmp2_6_U                             | ram_s2p array |      | 2    |      |        | tmp2_6       | auto | 1       | 32, 32, 1        |
|   tmp2_7_U                             | ram_s2p array |      | 2    |      |        | tmp2_7       | auto | 1       | 32, 32, 1        |
|   tmp2_8_U                             | ram_s2p array |      | 2    |      |        | tmp2_8       | auto | 1       | 32, 32, 1        |
|   tmp2_9_U                             | ram_s2p array |      | 2    |      |        | tmp2_9       | auto | 1       | 32, 32, 1        |
|   tmp2_10_U                            | ram_s2p array |      | 2    |      |        | tmp2_10      | auto | 1       | 32, 32, 1        |
|   tmp2_11_U                            | ram_s2p array |      | 2    |      |        | tmp2_11      | auto | 1       | 32, 32, 1        |
|   tmp2_12_U                            | ram_s2p array |      | 2    |      |        | tmp2_12      | auto | 1       | 32, 32, 1        |
|   tmp2_13_U                            | ram_s2p array |      | 2    |      |        | tmp2_13      | auto | 1       | 32, 32, 1        |
|   tmp2_14_U                            | ram_s2p array |      | 2    |      |        | tmp2_14      | auto | 1       | 32, 32, 1        |
|   tmp2_15_U                            | ram_s2p array |      | 2    |      |        | tmp2_15      | auto | 1       | 32, 32, 1        |
|   tmp2_16_U                            | ram_s2p array |      | 2    |      |        | tmp2_16      | auto | 1       | 32, 32, 1        |
|   tmp2_17_U                            | ram_s2p array |      | 2    |      |        | tmp2_17      | auto | 1       | 32, 32, 1        |
|   tmp2_18_U                            | ram_s2p array |      | 2    |      |        | tmp2_18      | auto | 1       | 32, 32, 1        |
|   tmp2_19_U                            | ram_s2p array |      | 2    |      |        | tmp2_19      | auto | 1       | 32, 32, 1        |
|   tmp2_20_U                            | ram_s2p array |      | 2    |      |        | tmp2_20      | auto | 1       | 32, 32, 1        |
|   tmp2_21_U                            | ram_s2p array |      | 2    |      |        | tmp2_21      | auto | 1       | 32, 32, 1        |
|   tmp2_22_U                            | ram_s2p array |      | 2    |      |        | tmp2_22      | auto | 1       | 32, 32, 1        |
|   tmp2_23_U                            | ram_s2p array |      | 2    |      |        | tmp2_23      | auto | 1       | 32, 32, 1        |
|   tmp2_24_U                            | ram_s2p array |      | 2    |      |        | tmp2_24      | auto | 1       | 32, 32, 1        |
|   tmp2_25_U                            | ram_s2p array |      | 2    |      |        | tmp2_25      | auto | 1       | 32, 32, 1        |
|   tmp2_26_U                            | ram_s2p array |      | 2    |      |        | tmp2_26      | auto | 1       | 32, 32, 1        |
|   tmp2_27_U                            | ram_s2p array |      | 2    |      |        | tmp2_27      | auto | 1       | 32, 32, 1        |
|   tmp2_28_U                            | ram_s2p array |      | 2    |      |        | tmp2_28      | auto | 1       | 32, 32, 1        |
|   tmp2_29_U                            | ram_s2p array |      | 2    |      |        | tmp2_29      | auto | 1       | 32, 32, 1        |
|   tmp2_30_U                            | ram_s2p array |      | 2    |      |        | tmp2_30      | auto | 1       | 32, 32, 1        |
|   tmp2_31_U                            | ram_s2p array |      | 2    |      |        | tmp2_31      | auto | 1       | 32, 32, 1        |
|   tmp2_32_U                            | ram_s2p array |      | 2    |      |        | tmp2_32      | auto | 1       | 32, 32, 1        |
|   tmp2_33_U                            | ram_s2p array |      | 2    |      |        | tmp2_33      | auto | 1       | 32, 32, 1        |
|   tmp2_34_U                            | ram_s2p array |      | 2    |      |        | tmp2_34      | auto | 1       | 32, 32, 1        |
|   tmp2_35_U                            | ram_s2p array |      | 2    |      |        | tmp2_35      | auto | 1       | 32, 32, 1        |
|   tmp2_36_U                            | ram_s2p array |      | 2    |      |        | tmp2_36      | auto | 1       | 32, 32, 1        |
|   tmp2_37_U                            | ram_s2p array |      | 2    |      |        | tmp2_37      | auto | 1       | 32, 32, 1        |
|   tmp2_38_U                            | ram_s2p array |      | 2    |      |        | tmp2_38      | auto | 1       | 32, 32, 1        |
|   tmp2_39_U                            | ram_s2p array |      | 2    |      |        | tmp2_39      | auto | 1       | 32, 32, 1        |
|   tmp2_40_U                            | ram_s2p array |      | 2    |      |        | tmp2_40      | auto | 1       | 32, 32, 1        |
|   tmp2_41_U                            | ram_s2p array |      | 2    |      |        | tmp2_41      | auto | 1       | 32, 32, 1        |
|   tmp2_42_U                            | ram_s2p array |      | 2    |      |        | tmp2_42      | auto | 1       | 32, 32, 1        |
|   tmp2_43_U                            | ram_s2p array |      | 2    |      |        | tmp2_43      | auto | 1       | 32, 32, 1        |
|   tmp2_44_U                            | ram_s2p array |      | 2    |      |        | tmp2_44      | auto | 1       | 32, 32, 1        |
|   tmp2_45_U                            | ram_s2p array |      | 2    |      |        | tmp2_45      | auto | 1       | 32, 32, 1        |
|   tmp2_46_U                            | ram_s2p array |      | 2    |      |        | tmp2_46      | auto | 1       | 32, 32, 1        |
|   tmp2_47_U                            | ram_s2p array |      | 2    |      |        | tmp2_47      | auto | 1       | 32, 32, 1        |
|   tmp2_48_U                            | ram_s2p array |      | 2    |      |        | tmp2_48      | auto | 1       | 32, 32, 1        |
|   tmp2_49_U                            | ram_s2p array |      | 2    |      |        | tmp2_49      | auto | 1       | 32, 32, 1        |
|   tmp2_50_U                            | ram_s2p array |      | 2    |      |        | tmp2_50      | auto | 1       | 32, 32, 1        |
|   tmp2_51_U                            | ram_s2p array |      | 2    |      |        | tmp2_51      | auto | 1       | 32, 32, 1        |
|   tmp2_52_U                            | ram_s2p array |      | 2    |      |        | tmp2_52      | auto | 1       | 32, 32, 1        |
|   tmp2_53_U                            | ram_s2p array |      | 2    |      |        | tmp2_53      | auto | 1       | 32, 32, 1        |
|   tmp2_54_U                            | ram_s2p array |      | 2    |      |        | tmp2_54      | auto | 1       | 32, 32, 1        |
|   tmp2_55_U                            | ram_s2p array |      | 2    |      |        | tmp2_55      | auto | 1       | 32, 32, 1        |
|   tmp2_56_U                            | ram_s2p array |      | 2    |      |        | tmp2_56      | auto | 1       | 32, 32, 1        |
|   tmp2_57_U                            | ram_s2p array |      | 2    |      |        | tmp2_57      | auto | 1       | 32, 32, 1        |
|   tmp2_58_U                            | ram_s2p array |      | 2    |      |        | tmp2_58      | auto | 1       | 32, 32, 1        |
|   tmp2_59_U                            | ram_s2p array |      | 2    |      |        | tmp2_59      | auto | 1       | 32, 32, 1        |
|   tmp2_60_U                            | ram_s2p array |      | 2    |      |        | tmp2_60      | auto | 1       | 32, 32, 1        |
|   tmp2_61_U                            | ram_s2p array |      | 2    |      |        | tmp2_61      | auto | 1       | 32, 32, 1        |
|   tmp2_62_U                            | ram_s2p array |      | 2    |      |        | tmp2_62      | auto | 1       | 32, 32, 1        |
|   tmp2_63_U                            | ram_s2p array |      | 2    |      |        | tmp2_63      | auto | 1       | 32, 32, 1        |
|   tmp2_64_U                            | ram_s2p array |      | 2    |      |        | tmp2_64      | auto | 1       | 32, 32, 1        |
|   tmp2_65_U                            | ram_s2p array |      | 2    |      |        | tmp2_65      | auto | 1       | 32, 32, 1        |
|   tmp2_66_U                            | ram_s2p array |      | 2    |      |        | tmp2_66      | auto | 1       | 32, 32, 1        |
|   tmp2_67_U                            | ram_s2p array |      | 2    |      |        | tmp2_67      | auto | 1       | 32, 32, 1        |
|   tmp2_68_U                            | ram_s2p array |      | 2    |      |        | tmp2_68      | auto | 1       | 32, 32, 1        |
|   tmp2_69_U                            | ram_s2p array |      | 2    |      |        | tmp2_69      | auto | 1       | 32, 32, 1        |
|   tmp2_70_U                            | ram_s2p array |      | 2    |      |        | tmp2_70      | auto | 1       | 32, 32, 1        |
|   tmp2_71_U                            | ram_s2p array |      | 2    |      |        | tmp2_71      | auto | 1       | 32, 32, 1        |
|   tmp2_72_U                            | ram_s2p array |      | 2    |      |        | tmp2_72      | auto | 1       | 32, 32, 1        |
|   tmp2_73_U                            | ram_s2p array |      | 2    |      |        | tmp2_73      | auto | 1       | 32, 32, 1        |
|   tmp2_74_U                            | ram_s2p array |      | 2    |      |        | tmp2_74      | auto | 1       | 32, 32, 1        |
|   tmp2_75_U                            | ram_s2p array |      | 2    |      |        | tmp2_75      | auto | 1       | 32, 32, 1        |
|   tmp2_76_U                            | ram_s2p array |      | 2    |      |        | tmp2_76      | auto | 1       | 32, 32, 1        |
|   tmp2_77_U                            | ram_s2p array |      | 2    |      |        | tmp2_77      | auto | 1       | 32, 32, 1        |
|   tmp2_78_U                            | ram_s2p array |      | 2    |      |        | tmp2_78      | auto | 1       | 32, 32, 1        |
|   tmp2_79_U                            | ram_s2p array |      | 2    |      |        | tmp2_79      | auto | 1       | 32, 32, 1        |
|   tmp2_80_U                            | ram_s2p array |      | 2    |      |        | tmp2_80      | auto | 1       | 32, 32, 1        |
|   tmp2_81_U                            | ram_s2p array |      | 2    |      |        | tmp2_81      | auto | 1       | 32, 32, 1        |
|   tmp2_82_U                            | ram_s2p array |      | 2    |      |        | tmp2_82      | auto | 1       | 32, 32, 1        |
|   tmp2_83_U                            | ram_s2p array |      | 2    |      |        | tmp2_83      | auto | 1       | 32, 32, 1        |
|   tmp2_84_U                            | ram_s2p array |      | 2    |      |        | tmp2_84      | auto | 1       | 32, 32, 1        |
|   tmp2_85_U                            | ram_s2p array |      | 2    |      |        | tmp2_85      | auto | 1       | 32, 32, 1        |
|   tmp2_86_U                            | ram_s2p array |      | 2    |      |        | tmp2_86      | auto | 1       | 32, 32, 1        |
|   tmp2_87_U                            | ram_s2p array |      | 2    |      |        | tmp2_87      | auto | 1       | 32, 32, 1        |
|   tmp2_88_U                            | ram_s2p array |      | 2    |      |        | tmp2_88      | auto | 1       | 32, 32, 1        |
|   tmp2_89_U                            | ram_s2p array |      | 2    |      |        | tmp2_89      | auto | 1       | 32, 32, 1        |
|   tmp2_90_U                            | ram_s2p array |      | 2    |      |        | tmp2_90      | auto | 1       | 32, 32, 1        |
|   tmp2_91_U                            | ram_s2p array |      | 2    |      |        | tmp2_91      | auto | 1       | 32, 32, 1        |
|   tmp2_92_U                            | ram_s2p array |      | 2    |      |        | tmp2_92      | auto | 1       | 32, 32, 1        |
|   tmp2_93_U                            | ram_s2p array |      | 2    |      |        | tmp2_93      | auto | 1       | 32, 32, 1        |
|   tmp2_94_U                            | ram_s2p array |      | 2    |      |        | tmp2_94      | auto | 1       | 32, 32, 1        |
|   tmp2_95_U                            | ram_s2p array |      | 2    |      |        | tmp2_95      | auto | 1       | 32, 32, 1        |
|   tmp2_96_U                            | ram_s2p array |      | 2    |      |        | tmp2_96      | auto | 1       | 32, 32, 1        |
|   tmp2_97_U                            | ram_s2p array |      | 2    |      |        | tmp2_97      | auto | 1       | 32, 32, 1        |
|   tmp2_98_U                            | ram_s2p array |      | 2    |      |        | tmp2_98      | auto | 1       | 32, 32, 1        |
|   tmp2_99_U                            | ram_s2p array |      | 2    |      |        | tmp2_99      | auto | 1       | 32, 32, 1        |
|   tmp2_100_U                           | ram_s2p array |      | 2    |      |        | tmp2_100     | auto | 1       | 32, 32, 1        |
|   tmp2_101_U                           | ram_s2p array |      | 2    |      |        | tmp2_101     | auto | 1       | 32, 32, 1        |
|   tmp2_102_U                           | ram_s2p array |      | 2    |      |        | tmp2_102     | auto | 1       | 32, 32, 1        |
|   tmp2_103_U                           | ram_s2p array |      | 2    |      |        | tmp2_103     | auto | 1       | 32, 32, 1        |
|   tmp2_104_U                           | ram_s2p array |      | 2    |      |        | tmp2_104     | auto | 1       | 32, 32, 1        |
|   tmp2_105_U                           | ram_s2p array |      | 2    |      |        | tmp2_105     | auto | 1       | 32, 32, 1        |
|   tmp2_106_U                           | ram_s2p array |      | 2    |      |        | tmp2_106     | auto | 1       | 32, 32, 1        |
|   tmp2_107_U                           | ram_s2p array |      | 2    |      |        | tmp2_107     | auto | 1       | 32, 32, 1        |
|   tmp2_108_U                           | ram_s2p array |      | 2    |      |        | tmp2_108     | auto | 1       | 32, 32, 1        |
|   tmp2_109_U                           | ram_s2p array |      | 2    |      |        | tmp2_109     | auto | 1       | 32, 32, 1        |
|   tmp2_110_U                           | ram_s2p array |      | 2    |      |        | tmp2_110     | auto | 1       | 32, 32, 1        |
|   tmp2_111_U                           | ram_s2p array |      | 2    |      |        | tmp2_111     | auto | 1       | 32, 32, 1        |
|   tmp2_112_U                           | ram_s2p array |      | 2    |      |        | tmp2_112     | auto | 1       | 32, 32, 1        |
|   tmp2_113_U                           | ram_s2p array |      | 2    |      |        | tmp2_113     | auto | 1       | 32, 32, 1        |
|   tmp2_114_U                           | ram_s2p array |      | 2    |      |        | tmp2_114     | auto | 1       | 32, 32, 1        |
|   tmp2_115_U                           | ram_s2p array |      | 2    |      |        | tmp2_115     | auto | 1       | 32, 32, 1        |
|   tmp2_116_U                           | ram_s2p array |      | 2    |      |        | tmp2_116     | auto | 1       | 32, 32, 1        |
|   tmp2_117_U                           | ram_s2p array |      | 2    |      |        | tmp2_117     | auto | 1       | 32, 32, 1        |
|   tmp2_118_U                           | ram_s2p array |      | 2    |      |        | tmp2_118     | auto | 1       | 32, 32, 1        |
|   tmp2_119_U                           | ram_s2p array |      | 2    |      |        | tmp2_119     | auto | 1       | 32, 32, 1        |
|   tmp2_120_U                           | ram_s2p array |      | 2    |      |        | tmp2_120     | auto | 1       | 32, 32, 1        |
|   tmp2_121_U                           | ram_s2p array |      | 2    |      |        | tmp2_121     | auto | 1       | 32, 32, 1        |
|   tmp2_122_U                           | ram_s2p array |      | 2    |      |        | tmp2_122     | auto | 1       | 32, 32, 1        |
|   tmp2_123_U                           | ram_s2p array |      | 2    |      |        | tmp2_123     | auto | 1       | 32, 32, 1        |
|   fmul_32ns_32ns_32_3_max_dsp_1_U1218  | ram_s2p array |      | 2    |      |        | tmp2_124     | auto | 1       | 32, 32, 1        |
|   fadd_32ns_32ns_32_4_full_dsp_1_U1186 | ram_s2p array |      | 2    |      |        | tmp2_125     | auto | 1       | 32, 32, 1        |
|   tmp2_126_U                           | ram_s2p array |      | 2    |      |        | tmp2_126     | auto | 1       | 32, 32, 1        |
|   fmul_32ns_32ns_32_3_max_dsp_1_U1219  | ram_s2p array |      | 2    |      |        | tmp2_127     | auto | 1       | 32, 32, 1        |
+----------------------------------------+---------------+------+------+------+--------+--------------+------+---------+------------------+


================================================================
== Pragma Report
================================================================
* Pragmas with Warnings
+----------+------------------------+----------------------+----------------------------------------------------------------------------------------------------------------------------------+
| Type     | Options                | Location             | Messages                                                                                                                         |
+----------+------------------------+----------------------+----------------------------------------------------------------------------------------------------------------------------------+
| resource | core=RAM_1P variable=A | opt.tcl:1 in k3mm, A | 'Resource pragma' is deprecated, use 'bind_op/bind_storage pragma' instead                                                       |
|          |                        |                      | The resource pragma (bind_storage) on top-level function argument, in 'call' is unsupported, please use INTERFACE pragma instead |
| resource | core=RAM_1P variable=B | opt.tcl:2 in k3mm, B | 'Resource pragma' is deprecated, use 'bind_op/bind_storage pragma' instead                                                       |
|          |                        |                      | The resource pragma (bind_storage) on top-level function argument, in 'call' is unsupported, please use INTERFACE pragma instead |
| resource | core=RAM_1P variable=C | opt.tcl:3 in k3mm, C | 'Resource pragma' is deprecated, use 'bind_op/bind_storage pragma' instead                                                       |
|          |                        |                      | The resource pragma (bind_storage) on top-level function argument, in 'call' is unsupported, please use INTERFACE pragma instead |
| resource | core=RAM_1P variable=D | opt.tcl:4 in k3mm, D | 'Resource pragma' is deprecated, use 'bind_op/bind_storage pragma' instead                                                       |
|          |                        |                      | The resource pragma (bind_storage) on top-level function argument, in 'call' is unsupported, please use INTERFACE pragma instead |
+----------+------------------------+----------------------+----------------------------------------------------------------------------------------------------------------------------------+

* Valid Pragma Syntax
+-----------------+-------------------------------------------+--------------------------------+
| Type            | Options                                   | Location                       |
+-----------------+-------------------------------------------+--------------------------------+
| array_partition | cyclic dim=2 factor=2 variable=A          | opt.tcl:9 in k3mm, A           |
| array_partition | cyclic dim=2 factor=2 variable=B          | opt.tcl:10 in k3mm, B          |
| array_partition | cyclic dim=2 factor=2 variable=buff_A     | opt.tcl:14 in k3mm, buff_A     |
| array_partition | cyclic dim=2 factor=2 variable=buff_B     | opt.tcl:15 in k3mm, buff_B     |
| array_partition | cyclic dim=2 factor=2 variable=buff_C     | opt.tcl:16 in k3mm, buff_C     |
| array_partition | cyclic dim=2 factor=2 variable=buff_D     | opt.tcl:17 in k3mm, buff_D     |
| array_partition | cyclic dim=2 factor=2 variable=buff_E_out | opt.tcl:18 in k3mm, buff_E_out |
| array_partition | cyclic dim=2 factor=2 variable=C          | opt.tcl:11 in k3mm, C          |
| array_partition | cyclic dim=2 factor=2 variable=D          | opt.tcl:12 in k3mm, D          |
| array_partition | cyclic dim=2 factor=2 variable=E_out      | opt.tcl:13 in k3mm, E_out      |
| array_partition | cyclic dim=2 factor=2 variable=tmp1       | opt.tcl:19 in k3mm, tmp1       |
| array_partition | cyclic dim=2 factor=2 variable=tmp2       | opt.tcl:20 in k3mm, tmp2       |
| interface       | ap_fifo port=E_out                        | opt.tcl:5 in k3mm, E_out       |
| pipeline        |                                           | opt.tcl:6 in k3mm              |
| pipeline        |                                           | opt.tcl:7 in k3mm              |
| pipeline        |                                           | opt.tcl:24 in k3mm             |
| unroll          | factor=2                                  | opt.tcl:21 in k3mm             |
| unroll          | factor=2                                  | opt.tcl:22 in k3mm             |
| unroll          | factor=1                                  | opt.tcl:25 in k3mm             |
| unroll          | factor=2                                  | opt.tcl:27 in k3mm             |
+-----------------+-------------------------------------------+--------------------------------+

* Inferred Pragmas
+---------------------+-----------------+----------------------------------------+---------------------------+
| Source Pragma       | Inferred Pragma | Options                                | Location                  |
+---------------------+-----------------+----------------------------------------+---------------------------+
| pipeline opt.tcl:24 | array_partition | dim=1 type=complete  variable=buff_B_0 | variable buff_B_0 in k3mm |
+---------------------+-----------------+----------------------------------------+---------------------------+


